// Jest Snapshot v1, https://goo.gl/fbAQLP

exports[`CollectionsOverview: should render the CollectionsOverview component 1`] = `ShallowWrapper {}`;
