// Jest Snapshot v1, https://goo.gl/fbAQLP

exports[`CheckoutPage component should render the CheckoutPage component 1`] = `ShallowWrapper {}`;
