// Jest Snapshot v1, https://goo.gl/fbAQLP

exports[`Header component: should render the Header component 1`] = `ShallowWrapper {}`;
