// Jest Snapshot v1, https://goo.gl/fbAQLP

exports[`Directory component: should render the Directory component 1`] = `ShallowWrapper {}`;
