// Jest Snapshot v1, https://goo.gl/fbAQLP

exports[`CustomButton: should render the CustomButton component 1`] = `ShallowWrapper {}`;
