// Jest Snapshot v1, https://goo.gl/fbAQLP

exports[`CartItem component: should render the CartItem component 1`] = `ShallowWrapper {}`;
